// Jest Snapshot v1, https://goo.gl/fbAQLP

exports[`ReviewCard component Matches snapshot 1`] = `"<div class=\\"col-12\\" style=\\"padding-top: 15px; padding-bottom: 15px; border-bottom: 3px solid #EEEEEE;\\"><div><div style=\\"margin-bottom: 2rem;\\"><p id=\\"review\\">Prof agus sangat baik dalam mengajar kelas bisnis dasar! Ulangannya pake pilgan semua!</p></div><div style=\\"margin-bottom: 2rem;\\" class=\\"review-details\\"><div class=\\"row justify-content-between\\" style=\\"margin: 15px -15px;\\"><div class=\\"col-7\\" style=\\"display: flex;\\"><p style=\\"margin: auto 0px;\\">Penilaian Keseluruhan</p></div><div class=\\"col-5\\" style=\\"display: flex;\\"><span class=\\"MuiRating-root MuiRating-readOnly\\" role=\\"img\\" aria-label=\\"4 Stars\\" id=\\"overallRating\\" style=\\"margin: auto;\\"><span class=\\"MuiRating-icon MuiRating-iconFilled WithStyles(ForwardRef(Rating))-iconFilled-1\\"><svg class=\\"MuiSvgIcon-root\\" focusable=\\"false\\" viewBox=\\"0 0 24 24\\" aria-hidden=\\"true\\" role=\\"presentation\\"><path d=\\"M1 21h4V9H1v12zm22-11c0-1.1-.9-2-2-2h-6.31l.95-4.57.03-.32c0-.41-.17-.79-.44-1.06L14.17 1 7.59 7.59C7.22 7.95 7 8.45 7 9v10c0 1.1.9 2 2 2h9c.83 0 1.54-.5 1.84-1.22l3.02-7.05c.09-.23.14-.47.14-.73v-2z\\"></path></svg></span><span class=\\"MuiRating-icon MuiRating-iconFilled WithStyles(ForwardRef(Rating))-iconFilled-1\\"><svg class=\\"MuiSvgIcon-root\\" focusable=\\"false\\" viewBox=\\"0 0 24 24\\" aria-hidden=\\"true\\" role=\\"presentation\\"><path d=\\"M1 21h4V9H1v12zm22-11c0-1.1-.9-2-2-2h-6.31l.95-4.57.03-.32c0-.41-.17-.79-.44-1.06L14.17 1 7.59 7.59C7.22 7.95 7 8.45 7 9v10c0 1.1.9 2 2 2h9c.83 0 1.54-.5 1.84-1.22l3.02-7.05c.09-.23.14-.47.14-.73v-2z\\"></path></svg></span><span class=\\"MuiRating-icon MuiRating-iconFilled WithStyles(ForwardRef(Rating))-iconFilled-1\\"><svg class=\\"MuiSvgIcon-root\\" focusable=\\"false\\" viewBox=\\"0 0 24 24\\" aria-hidden=\\"true\\" role=\\"presentation\\"><path d=\\"M1 21h4V9H1v12zm22-11c0-1.1-.9-2-2-2h-6.31l.95-4.57.03-.32c0-.41-.17-.79-.44-1.06L14.17 1 7.59 7.59C7.22 7.95 7 8.45 7 9v10c0 1.1.9 2 2 2h9c.83 0 1.54-.5 1.84-1.22l3.02-7.05c.09-.23.14-.47.14-.73v-2z\\"></path></svg></span><span class=\\"MuiRating-icon MuiRating-iconFilled WithStyles(ForwardRef(Rating))-iconFilled-1\\"><svg class=\\"MuiSvgIcon-root\\" focusable=\\"false\\" viewBox=\\"0 0 24 24\\" aria-hidden=\\"true\\" role=\\"presentation\\"><path d=\\"M1 21h4V9H1v12zm22-11c0-1.1-.9-2-2-2h-6.31l.95-4.57.03-.32c0-.41-.17-.79-.44-1.06L14.17 1 7.59 7.59C7.22 7.95 7 8.45 7 9v10c0 1.1.9 2 2 2h9c.83 0 1.54-.5 1.84-1.22l3.02-7.05c.09-.23.14-.47.14-.73v-2z\\"></path></svg></span><span class=\\"MuiRating-icon MuiRating-iconEmpty\\"><svg class=\\"MuiSvgIcon-root\\" focusable=\\"false\\" viewBox=\\"0 0 24 24\\" aria-hidden=\\"true\\" role=\\"presentation\\"><path d=\\"M9 21h9c.83 0 1.54-.5 1.84-1.22l3.02-7.05c.09-.23.14-.47.14-.73v-2c0-1.1-.9-2-2-2h-6.31l.95-4.57.03-.32c0-.41-.17-.79-.44-1.06L14.17 1 7.58 7.59C7.22 7.95 7 8.45 7 9v10c0 1.1.9 2 2 2zM9 9l4.34-4.34L12 10h9v2l-3 7H9V9zM1 9h4v12H1z\\"></path></svg></span></span></div></div><div class=\\"row justify-content-between\\" style=\\"margin: 15px -15px;\\"><div class=\\"col-7\\" style=\\"display: flex;\\"><p style=\\"margin: auto 0px;\\">Likelihood to recommend teman</p></div><div class=\\"col-5\\" style=\\"display: flex;\\"><span class=\\"MuiRating-root MuiRating-readOnly\\" role=\\"img\\" aria-label=\\"5 Stars\\" id=\\"recommendationRating\\" style=\\"margin: auto;\\"><span class=\\"MuiRating-icon MuiRating-iconFilled WithStyles(ForwardRef(Rating))-iconFilled-1\\"><svg class=\\"MuiSvgIcon-root\\" focusable=\\"false\\" viewBox=\\"0 0 24 24\\" aria-hidden=\\"true\\" role=\\"presentation\\"><path d=\\"M9 16.17L4.83 12l-1.42 1.41L9 19 21 7l-1.41-1.41z\\"></path></svg></span><span class=\\"MuiRating-icon MuiRating-iconFilled WithStyles(ForwardRef(Rating))-iconFilled-1\\"><svg class=\\"MuiSvgIcon-root\\" focusable=\\"false\\" viewBox=\\"0 0 24 24\\" aria-hidden=\\"true\\" role=\\"presentation\\"><path d=\\"M9 16.17L4.83 12l-1.42 1.41L9 19 21 7l-1.41-1.41z\\"></path></svg></span><span class=\\"MuiRating-icon MuiRating-iconFilled WithStyles(ForwardRef(Rating))-iconFilled-1\\"><svg class=\\"MuiSvgIcon-root\\" focusable=\\"false\\" viewBox=\\"0 0 24 24\\" aria-hidden=\\"true\\" role=\\"presentation\\"><path d=\\"M9 16.17L4.83 12l-1.42 1.41L9 19 21 7l-1.41-1.41z\\"></path></svg></span><span class=\\"MuiRating-icon MuiRating-iconFilled WithStyles(ForwardRef(Rating))-iconFilled-1\\"><svg class=\\"MuiSvgIcon-root\\" focusable=\\"false\\" viewBox=\\"0 0 24 24\\" aria-hidden=\\"true\\" role=\\"presentation\\"><path d=\\"M9 16.17L4.83 12l-1.42 1.41L9 19 21 7l-1.41-1.41z\\"></path></svg></span><span class=\\"MuiRating-icon MuiRating-iconFilled WithStyles(ForwardRef(Rating))-iconFilled-1\\"><svg class=\\"MuiSvgIcon-root\\" focusable=\\"false\\" viewBox=\\"0 0 24 24\\" aria-hidden=\\"true\\" role=\\"presentation\\"><path d=\\"M9 16.17L4.83 12l-1.42 1.41L9 19 21 7l-1.41-1.41z\\"></path></svg></span></span></div></div><div class=\\"row justify-content-between\\" style=\\"margin: 15px -15px;\\"><div class=\\"col-7\\" style=\\"display: flex;\\"><p style=\\"margin: auto 0px;\\">Tingkat kesusahan Kelas</p></div><div class=\\"col-5\\" style=\\"display: flex;\\"><span class=\\"MuiRating-root MuiRating-readOnly\\" role=\\"img\\" aria-label=\\"1 Star\\" id=\\"difficultyRating\\" style=\\"margin: auto;\\"><span class=\\"MuiRating-icon MuiRating-iconFilled WithStyles(ForwardRef(Rating))-iconFilled-1\\"><svg stroke=\\"currentColor\\" fill=\\"currentColor\\" stroke-width=\\"0\\" viewBox=\\"0 0 512 512\\" height=\\"1em\\" width=\\"1em\\" xmlns=\\"http://www.w3.org/2000/svg\\"><path d=\\"M144 32S94.11 69.4 96 96c1.604 22.57 44.375 25.665 48 48 1.91 11.772-16 32-16 32s48-25.373 48-48-42.8-25.978-48-48c-3.875-16.414 16-48 16-48zm80 0s-49.89 37.4-48 64c1.604 22.57 44.375 25.665 48 48 1.91 11.772-16 32-16 32s48-25.373 48-48-42.8-25.978-48-48c-3.875-16.414 16-48 16-48zm80 0s-49.89 37.4-48 64c1.604 22.57 44.375 25.665 48 48 1.91 11.772-16 32-16 32s48-25.373 48-48-42.8-25.978-48-48c-3.875-16.414 16-48 16-48zM73.293 201c1.43 63.948 18.943 179.432 74.707 238h152c55.764-58.568 73.278-174.052 74.707-238H73.293zm319.598.445c-.186 9.152-.652 19.252-1.472 30.057C419.312 235.162 441 259.142 441 288c0 31.374-25.626 57-57 57-4.387 0-8.656-.517-12.764-1.465-2.912 9.62-6.176 19.165-9.84 28.51C368.602 373.97 376.176 375 384 375c48.155 0 87-38.845 87-87 0-45.153-34.153-82.12-78.11-86.555zM42.763 457c1.507 5.193 3.854 11.2 6.955 16.37 2.637 4.394 5.69 8.207 8.428 10.58C60.882 486.32 63 487 64 487h320c1 0 3.118-.678 5.855-3.05 2.738-2.373 5.79-6.186 8.428-10.58 3.1-5.17 5.448-11.177 6.955-16.37H42.762z\\"></path></svg></span><span class=\\"MuiRating-icon MuiRating-iconEmpty\\"><svg stroke=\\"currentColor\\" fill=\\"currentColor\\" stroke-width=\\"0\\" viewBox=\\"0 0 512 512\\" height=\\"1em\\" width=\\"1em\\" xmlns=\\"http://www.w3.org/2000/svg\\"><path d=\\"M144 32S94.11 69.4 96 96c1.604 22.57 44.375 25.665 48 48 1.91 11.772-16 32-16 32s48-25.373 48-48-42.8-25.978-48-48c-3.875-16.414 16-48 16-48zm80 0s-49.89 37.4-48 64c1.604 22.57 44.375 25.665 48 48 1.91 11.772-16 32-16 32s48-25.373 48-48-42.8-25.978-48-48c-3.875-16.414 16-48 16-48zm80 0s-49.89 37.4-48 64c1.604 22.57 44.375 25.665 48 48 1.91 11.772-16 32-16 32s48-25.373 48-48-42.8-25.978-48-48c-3.875-16.414 16-48 16-48zM73.293 201c1.43 63.948 18.943 179.432 74.707 238h152c55.764-58.568 73.278-174.052 74.707-238H73.293zm319.598.445c-.186 9.152-.652 19.252-1.472 30.057C419.312 235.162 441 259.142 441 288c0 31.374-25.626 57-57 57-4.387 0-8.656-.517-12.764-1.465-2.912 9.62-6.176 19.165-9.84 28.51C368.602 373.97 376.176 375 384 375c48.155 0 87-38.845 87-87 0-45.153-34.153-82.12-78.11-86.555zM42.763 457c1.507 5.193 3.854 11.2 6.955 16.37 2.637 4.394 5.69 8.207 8.428 10.58C60.882 486.32 63 487 64 487h320c1 0 3.118-.678 5.855-3.05 2.738-2.373 5.79-6.186 8.428-10.58 3.1-5.17 5.448-11.177 6.955-16.37H42.762z\\"></path></svg></span><span class=\\"MuiRating-icon MuiRating-iconEmpty\\"><svg stroke=\\"currentColor\\" fill=\\"currentColor\\" stroke-width=\\"0\\" viewBox=\\"0 0 512 512\\" height=\\"1em\\" width=\\"1em\\" xmlns=\\"http://www.w3.org/2000/svg\\"><path d=\\"M144 32S94.11 69.4 96 96c1.604 22.57 44.375 25.665 48 48 1.91 11.772-16 32-16 32s48-25.373 48-48-42.8-25.978-48-48c-3.875-16.414 16-48 16-48zm80 0s-49.89 37.4-48 64c1.604 22.57 44.375 25.665 48 48 1.91 11.772-16 32-16 32s48-25.373 48-48-42.8-25.978-48-48c-3.875-16.414 16-48 16-48zm80 0s-49.89 37.4-48 64c1.604 22.57 44.375 25.665 48 48 1.91 11.772-16 32-16 32s48-25.373 48-48-42.8-25.978-48-48c-3.875-16.414 16-48 16-48zM73.293 201c1.43 63.948 18.943 179.432 74.707 238h152c55.764-58.568 73.278-174.052 74.707-238H73.293zm319.598.445c-.186 9.152-.652 19.252-1.472 30.057C419.312 235.162 441 259.142 441 288c0 31.374-25.626 57-57 57-4.387 0-8.656-.517-12.764-1.465-2.912 9.62-6.176 19.165-9.84 28.51C368.602 373.97 376.176 375 384 375c48.155 0 87-38.845 87-87 0-45.153-34.153-82.12-78.11-86.555zM42.763 457c1.507 5.193 3.854 11.2 6.955 16.37 2.637 4.394 5.69 8.207 8.428 10.58C60.882 486.32 63 487 64 487h320c1 0 3.118-.678 5.855-3.05 2.738-2.373 5.79-6.186 8.428-10.58 3.1-5.17 5.448-11.177 6.955-16.37H42.762z\\"></path></svg></span><span class=\\"MuiRating-icon MuiRating-iconEmpty\\"><svg stroke=\\"currentColor\\" fill=\\"currentColor\\" stroke-width=\\"0\\" viewBox=\\"0 0 512 512\\" height=\\"1em\\" width=\\"1em\\" xmlns=\\"http://www.w3.org/2000/svg\\"><path d=\\"M144 32S94.11 69.4 96 96c1.604 22.57 44.375 25.665 48 48 1.91 11.772-16 32-16 32s48-25.373 48-48-42.8-25.978-48-48c-3.875-16.414 16-48 16-48zm80 0s-49.89 37.4-48 64c1.604 22.57 44.375 25.665 48 48 1.91 11.772-16 32-16 32s48-25.373 48-48-42.8-25.978-48-48c-3.875-16.414 16-48 16-48zm80 0s-49.89 37.4-48 64c1.604 22.57 44.375 25.665 48 48 1.91 11.772-16 32-16 32s48-25.373 48-48-42.8-25.978-48-48c-3.875-16.414 16-48 16-48zM73.293 201c1.43 63.948 18.943 179.432 74.707 238h152c55.764-58.568 73.278-174.052 74.707-238H73.293zm319.598.445c-.186 9.152-.652 19.252-1.472 30.057C419.312 235.162 441 259.142 441 288c0 31.374-25.626 57-57 57-4.387 0-8.656-.517-12.764-1.465-2.912 9.62-6.176 19.165-9.84 28.51C368.602 373.97 376.176 375 384 375c48.155 0 87-38.845 87-87 0-45.153-34.153-82.12-78.11-86.555zM42.763 457c1.507 5.193 3.854 11.2 6.955 16.37 2.637 4.394 5.69 8.207 8.428 10.58C60.882 486.32 63 487 64 487h320c1 0 3.118-.678 5.855-3.05 2.738-2.373 5.79-6.186 8.428-10.58 3.1-5.17 5.448-11.177 6.955-16.37H42.762z\\"></path></svg></span><span class=\\"MuiRating-icon MuiRating-iconEmpty\\"><svg stroke=\\"currentColor\\" fill=\\"currentColor\\" stroke-width=\\"0\\" viewBox=\\"0 0 512 512\\" height=\\"1em\\" width=\\"1em\\" xmlns=\\"http://www.w3.org/2000/svg\\"><path d=\\"M144 32S94.11 69.4 96 96c1.604 22.57 44.375 25.665 48 48 1.91 11.772-16 32-16 32s48-25.373 48-48-42.8-25.978-48-48c-3.875-16.414 16-48 16-48zm80 0s-49.89 37.4-48 64c1.604 22.57 44.375 25.665 48 48 1.91 11.772-16 32-16 32s48-25.373 48-48-42.8-25.978-48-48c-3.875-16.414 16-48 16-48zm80 0s-49.89 37.4-48 64c1.604 22.57 44.375 25.665 48 48 1.91 11.772-16 32-16 32s48-25.373 48-48-42.8-25.978-48-48c-3.875-16.414 16-48 16-48zM73.293 201c1.43 63.948 18.943 179.432 74.707 238h152c55.764-58.568 73.278-174.052 74.707-238H73.293zm319.598.445c-.186 9.152-.652 19.252-1.472 30.057C419.312 235.162 441 259.142 441 288c0 31.374-25.626 57-57 57-4.387 0-8.656-.517-12.764-1.465-2.912 9.62-6.176 19.165-9.84 28.51C368.602 373.97 376.176 375 384 375c48.155 0 87-38.845 87-87 0-45.153-34.153-82.12-78.11-86.555zM42.763 457c1.507 5.193 3.854 11.2 6.955 16.37 2.637 4.394 5.69 8.207 8.428 10.58C60.882 486.32 63 487 64 487h320c1 0 3.118-.678 5.855-3.05 2.738-2.373 5.79-6.186 8.428-10.58 3.1-5.17 5.448-11.177 6.955-16.37H42.762z\\"></path></svg></span></span></div></div><div class=\\"row justify-content-between\\"><div class=\\"col-7\\"><p>Kelas:</p></div><div class=\\"col-5\\" style=\\"display: flex;\\"><p style=\\"margin: auto;\\">Brand Management 101</p></div></div><div class=\\"row justify-content-between\\"><div class=\\"col-7\\"><p>Tahun mengambil kelas:</p></div><div class=\\"col-5\\" style=\\"display: flex;\\"><p style=\\"margin: auto;\\">2010</p></div></div></div><div class=\\"review-footer\\"><div class=\\"row justify-content-between\\"><div class=\\"col-6\\" style=\\"display: flex; flex-direction: row;\\"><p>Membantu?</p><button class=\\"MuiButtonBase-root MuiButton-root MuiButton-text vote-button\\" tabindex=\\"0\\" type=\\"button\\"><span class=\\"MuiButton-label\\">25<svg class=\\"MuiSvgIcon-root icon\\" focusable=\\"false\\" viewBox=\\"0 0 24 24\\" aria-hidden=\\"true\\" role=\\"presentation\\"><path d=\\"M4 12l1.41 1.41L11 7.83V20h2V7.83l5.58 5.59L20 12l-8-8-8 8z\\"></path></svg></span><span class=\\"MuiTouchRipple-root\\"></span></button><button class=\\"MuiButtonBase-root MuiButton-root MuiButton-text vote-button\\" tabindex=\\"0\\" type=\\"button\\"><span class=\\"MuiButton-label\\">2<svg class=\\"MuiSvgIcon-root icon\\" focusable=\\"false\\" viewBox=\\"0 0 24 24\\" aria-hidden=\\"true\\" role=\\"presentation\\"><path d=\\"M20 12l-1.41-1.41L13 16.17V4h-2v12.17l-5.58-5.59L4 12l8 8 8-8z\\"></path></svg></span><span class=\\"MuiTouchRipple-root\\"></span></button></div><div class=\\"col-6\\" style=\\"display: flex; justify-content: flex-end;\\"><a href=\\"/\\" style=\\"color: black;\\">Laporkan</a><svg class=\\"MuiSvgIcon-root icon\\" focusable=\\"false\\" viewBox=\\"0 0 24 24\\" aria-hidden=\\"true\\" role=\\"presentation\\"><path d=\\"M14 9l-1-2H7V5.72c.6-.34 1-.98 1-1.72 0-1.1-.9-2-2-2s-2 .9-2 2c0 .74.4 1.38 1 1.72V21h2v-4h5l1 2h7V9h-6zm4 8h-4l-1-2H7V9h5l1 2h5v6z\\"></path></svg></div></div></div></div></div>"`;
