// Jest Snapshot v1, https://goo.gl/fbAQLP

exports[`Reviews component Matches snapshot 1`] = `"<div class=\\"container\\"><div class=\\"row\\"><div class=\\"col-12\\" style=\\"padding-top:15px;padding-bottom:15px\\"><div class=\\"review-card\\"><div class=\\"review-details\\"><p id=\\"review\\">He is the best!</p></div><div class=\\"review-details\\"><div class=\\"row justify-content-between\\"><div class=\\"col-7\\" style=\\"display:flex\\"><p style=\\"margin:auto 0\\">Penilaian Keseluruhan</p></div><div class=\\"col-5\\" style=\\"display:flex\\"><p>4.0</p><span class=\\"MuiRating-root MuiRating-sizeSmall MuiRating-readOnly\\" role=\\"img\\" aria-label=\\"4 Stars\\" id=\\"overallRating\\"><span class=\\"MuiRating-decimal\\"><span style=\\"width:0%;overflow:hidden;z-index:1;position:absolute\\" class=\\"MuiRating-icon MuiRating-iconFilled WithStyles(ForwardRef(Rating))-iconFilled-1\\"><svg class=\\"MuiSvgIcon-root\\" focusable=\\"false\\" viewBox=\\"0 0 24 24\\" aria-hidden=\\"true\\" role=\\"presentation\\"><path d=\\"M1 21h4V9H1v12zm22-11c0-1.1-.9-2-2-2h-6.31l.95-4.57.03-.32c0-.41-.17-.79-.44-1.06L14.17 1 7.59 7.59C7.22 7.95 7 8.45 7 9v10c0 1.1.9 2 2 2h9c.83 0 1.54-.5 1.84-1.22l3.02-7.05c.09-.23.14-.47.14-.73v-2z\\"></path></svg></span><span class=\\"MuiRating-icon MuiRating-iconFilled WithStyles(ForwardRef(Rating))-iconFilled-1\\"><svg class=\\"MuiSvgIcon-root\\" focusable=\\"false\\" viewBox=\\"0 0 24 24\\" aria-hidden=\\"true\\" role=\\"presentation\\"><path d=\\"M1 21h4V9H1v12zm22-11c0-1.1-.9-2-2-2h-6.31l.95-4.57.03-.32c0-.41-.17-.79-.44-1.06L14.17 1 7.59 7.59C7.22 7.95 7 8.45 7 9v10c0 1.1.9 2 2 2h9c.83 0 1.54-.5 1.84-1.22l3.02-7.05c.09-.23.14-.47.14-.73v-2z\\"></path></svg></span></span><span class=\\"MuiRating-decimal\\"><span style=\\"width:0%;overflow:hidden;z-index:1;position:absolute\\" class=\\"MuiRating-icon MuiRating-iconFilled WithStyles(ForwardRef(Rating))-iconFilled-1\\"><svg class=\\"MuiSvgIcon-root\\" focusable=\\"false\\" viewBox=\\"0 0 24 24\\" aria-hidden=\\"true\\" role=\\"presentation\\"><path d=\\"M1 21h4V9H1v12zm22-11c0-1.1-.9-2-2-2h-6.31l.95-4.57.03-.32c0-.41-.17-.79-.44-1.06L14.17 1 7.59 7.59C7.22 7.95 7 8.45 7 9v10c0 1.1.9 2 2 2h9c.83 0 1.54-.5 1.84-1.22l3.02-7.05c.09-.23.14-.47.14-.73v-2z\\"></path></svg></span><span class=\\"MuiRating-icon MuiRating-iconFilled WithStyles(ForwardRef(Rating))-iconFilled-1\\"><svg class=\\"MuiSvgIcon-root\\" focusable=\\"false\\" viewBox=\\"0 0 24 24\\" aria-hidden=\\"true\\" role=\\"presentation\\"><path d=\\"M1 21h4V9H1v12zm22-11c0-1.1-.9-2-2-2h-6.31l.95-4.57.03-.32c0-.41-.17-.79-.44-1.06L14.17 1 7.59 7.59C7.22 7.95 7 8.45 7 9v10c0 1.1.9 2 2 2h9c.83 0 1.54-.5 1.84-1.22l3.02-7.05c.09-.23.14-.47.14-.73v-2z\\"></path></svg></span></span><span class=\\"MuiRating-decimal\\"><span style=\\"width:0%;overflow:hidden;z-index:1;position:absolute\\" class=\\"MuiRating-icon MuiRating-iconFilled WithStyles(ForwardRef(Rating))-iconFilled-1\\"><svg class=\\"MuiSvgIcon-root\\" focusable=\\"false\\" viewBox=\\"0 0 24 24\\" aria-hidden=\\"true\\" role=\\"presentation\\"><path d=\\"M1 21h4V9H1v12zm22-11c0-1.1-.9-2-2-2h-6.31l.95-4.57.03-.32c0-.41-.17-.79-.44-1.06L14.17 1 7.59 7.59C7.22 7.95 7 8.45 7 9v10c0 1.1.9 2 2 2h9c.83 0 1.54-.5 1.84-1.22l3.02-7.05c.09-.23.14-.47.14-.73v-2z\\"></path></svg></span><span class=\\"MuiRating-icon MuiRating-iconFilled WithStyles(ForwardRef(Rating))-iconFilled-1\\"><svg class=\\"MuiSvgIcon-root\\" focusable=\\"false\\" viewBox=\\"0 0 24 24\\" aria-hidden=\\"true\\" role=\\"presentation\\"><path d=\\"M1 21h4V9H1v12zm22-11c0-1.1-.9-2-2-2h-6.31l.95-4.57.03-.32c0-.41-.17-.79-.44-1.06L14.17 1 7.59 7.59C7.22 7.95 7 8.45 7 9v10c0 1.1.9 2 2 2h9c.83 0 1.54-.5 1.84-1.22l3.02-7.05c.09-.23.14-.47.14-.73v-2z\\"></path></svg></span></span><span class=\\"MuiRating-decimal\\"><span style=\\"width:0%;overflow:hidden;z-index:1;position:absolute\\" class=\\"MuiRating-icon MuiRating-iconFilled WithStyles(ForwardRef(Rating))-iconFilled-1\\"><svg class=\\"MuiSvgIcon-root\\" focusable=\\"false\\" viewBox=\\"0 0 24 24\\" aria-hidden=\\"true\\" role=\\"presentation\\"><path d=\\"M1 21h4V9H1v12zm22-11c0-1.1-.9-2-2-2h-6.31l.95-4.57.03-.32c0-.41-.17-.79-.44-1.06L14.17 1 7.59 7.59C7.22 7.95 7 8.45 7 9v10c0 1.1.9 2 2 2h9c.83 0 1.54-.5 1.84-1.22l3.02-7.05c.09-.23.14-.47.14-.73v-2z\\"></path></svg></span><span class=\\"MuiRating-icon MuiRating-iconFilled WithStyles(ForwardRef(Rating))-iconFilled-1\\"><svg class=\\"MuiSvgIcon-root\\" focusable=\\"false\\" viewBox=\\"0 0 24 24\\" aria-hidden=\\"true\\" role=\\"presentation\\"><path d=\\"M1 21h4V9H1v12zm22-11c0-1.1-.9-2-2-2h-6.31l.95-4.57.03-.32c0-.41-.17-.79-.44-1.06L14.17 1 7.59 7.59C7.22 7.95 7 8.45 7 9v10c0 1.1.9 2 2 2h9c.83 0 1.54-.5 1.84-1.22l3.02-7.05c.09-.23.14-.47.14-.73v-2z\\"></path></svg></span></span><span class=\\"MuiRating-decimal\\"><span style=\\"width:0%;overflow:hidden;z-index:1;position:absolute\\" class=\\"MuiRating-icon MuiRating-iconEmpty\\"><svg class=\\"MuiSvgIcon-root\\" focusable=\\"false\\" viewBox=\\"0 0 24 24\\" aria-hidden=\\"true\\" role=\\"presentation\\"><path d=\\"M9 21h9c.83 0 1.54-.5 1.84-1.22l3.02-7.05c.09-.23.14-.47.14-.73v-2c0-1.1-.9-2-2-2h-6.31l.95-4.57.03-.32c0-.41-.17-.79-.44-1.06L14.17 1 7.58 7.59C7.22 7.95 7 8.45 7 9v10c0 1.1.9 2 2 2zM9 9l4.34-4.34L12 10h9v2l-3 7H9V9zM1 9h4v12H1z\\"></path></svg></span><span class=\\"MuiRating-icon MuiRating-iconEmpty\\"><svg class=\\"MuiSvgIcon-root\\" focusable=\\"false\\" viewBox=\\"0 0 24 24\\" aria-hidden=\\"true\\" role=\\"presentation\\"><path d=\\"M9 21h9c.83 0 1.54-.5 1.84-1.22l3.02-7.05c.09-.23.14-.47.14-.73v-2c0-1.1-.9-2-2-2h-6.31l.95-4.57.03-.32c0-.41-.17-.79-.44-1.06L14.17 1 7.58 7.59C7.22 7.95 7 8.45 7 9v10c0 1.1.9 2 2 2zM9 9l4.34-4.34L12 10h9v2l-3 7H9V9zM1 9h4v12H1z\\"></path></svg></span></span></span></div></div><div class=\\"row justify-content-between\\"><div class=\\"col-7\\" style=\\"display:flex\\"><p style=\\"margin:auto 0\\">Likelihood to recommend teman</p></div><div class=\\"col-5\\" style=\\"display:flex\\"><p>4.5</p><span class=\\"MuiRating-root MuiRating-sizeSmall MuiRating-readOnly\\" role=\\"img\\" aria-label=\\"4.5 Stars\\" id=\\"recommendationRating\\"><span class=\\"MuiRating-decimal\\"><span style=\\"width:0%;overflow:hidden;z-index:1;position:absolute\\" class=\\"MuiRating-icon MuiRating-iconFilled WithStyles(ForwardRef(Rating))-iconFilled-1\\"><svg class=\\"MuiSvgIcon-root\\" focusable=\\"false\\" viewBox=\\"0 0 24 24\\" aria-hidden=\\"true\\" role=\\"presentation\\"><path d=\\"M9 16.17L4.83 12l-1.42 1.41L9 19 21 7l-1.41-1.41z\\"></path></svg></span><span class=\\"MuiRating-icon MuiRating-iconFilled WithStyles(ForwardRef(Rating))-iconFilled-1\\"><svg class=\\"MuiSvgIcon-root\\" focusable=\\"false\\" viewBox=\\"0 0 24 24\\" aria-hidden=\\"true\\" role=\\"presentation\\"><path d=\\"M9 16.17L4.83 12l-1.42 1.41L9 19 21 7l-1.41-1.41z\\"></path></svg></span></span><span class=\\"MuiRating-decimal\\"><span style=\\"width:0%;overflow:hidden;z-index:1;position:absolute\\" class=\\"MuiRating-icon MuiRating-iconFilled WithStyles(ForwardRef(Rating))-iconFilled-1\\"><svg class=\\"MuiSvgIcon-root\\" focusable=\\"false\\" viewBox=\\"0 0 24 24\\" aria-hidden=\\"true\\" role=\\"presentation\\"><path d=\\"M9 16.17L4.83 12l-1.42 1.41L9 19 21 7l-1.41-1.41z\\"></path></svg></span><span class=\\"MuiRating-icon MuiRating-iconFilled WithStyles(ForwardRef(Rating))-iconFilled-1\\"><svg class=\\"MuiSvgIcon-root\\" focusable=\\"false\\" viewBox=\\"0 0 24 24\\" aria-hidden=\\"true\\" role=\\"presentation\\"><path d=\\"M9 16.17L4.83 12l-1.42 1.41L9 19 21 7l-1.41-1.41z\\"></path></svg></span></span><span class=\\"MuiRating-decimal\\"><span style=\\"width:0%;overflow:hidden;z-index:1;position:absolute\\" class=\\"MuiRating-icon MuiRating-iconFilled WithStyles(ForwardRef(Rating))-iconFilled-1\\"><svg class=\\"MuiSvgIcon-root\\" focusable=\\"false\\" viewBox=\\"0 0 24 24\\" aria-hidden=\\"true\\" role=\\"presentation\\"><path d=\\"M9 16.17L4.83 12l-1.42 1.41L9 19 21 7l-1.41-1.41z\\"></path></svg></span><span class=\\"MuiRating-icon MuiRating-iconFilled WithStyles(ForwardRef(Rating))-iconFilled-1\\"><svg class=\\"MuiSvgIcon-root\\" focusable=\\"false\\" viewBox=\\"0 0 24 24\\" aria-hidden=\\"true\\" role=\\"presentation\\"><path d=\\"M9 16.17L4.83 12l-1.42 1.41L9 19 21 7l-1.41-1.41z\\"></path></svg></span></span><span class=\\"MuiRating-decimal\\"><span style=\\"width:0%;overflow:hidden;z-index:1;position:absolute\\" class=\\"MuiRating-icon MuiRating-iconFilled WithStyles(ForwardRef(Rating))-iconFilled-1\\"><svg class=\\"MuiSvgIcon-root\\" focusable=\\"false\\" viewBox=\\"0 0 24 24\\" aria-hidden=\\"true\\" role=\\"presentation\\"><path d=\\"M9 16.17L4.83 12l-1.42 1.41L9 19 21 7l-1.41-1.41z\\"></path></svg></span><span class=\\"MuiRating-icon MuiRating-iconFilled WithStyles(ForwardRef(Rating))-iconFilled-1\\"><svg class=\\"MuiSvgIcon-root\\" focusable=\\"false\\" viewBox=\\"0 0 24 24\\" aria-hidden=\\"true\\" role=\\"presentation\\"><path d=\\"M9 16.17L4.83 12l-1.42 1.41L9 19 21 7l-1.41-1.41z\\"></path></svg></span></span><span class=\\"MuiRating-decimal\\"><span style=\\"width:50%;overflow:hidden;z-index:1;position:absolute\\" class=\\"MuiRating-icon MuiRating-iconFilled WithStyles(ForwardRef(Rating))-iconFilled-1\\"><svg class=\\"MuiSvgIcon-root\\" focusable=\\"false\\" viewBox=\\"0 0 24 24\\" aria-hidden=\\"true\\" role=\\"presentation\\"><path d=\\"M9 16.17L4.83 12l-1.42 1.41L9 19 21 7l-1.41-1.41z\\"></path></svg></span><span class=\\"MuiRating-icon MuiRating-iconEmpty\\"><svg class=\\"MuiSvgIcon-root\\" focusable=\\"false\\" viewBox=\\"0 0 24 24\\" aria-hidden=\\"true\\" role=\\"presentation\\"><path d=\\"M9 16.17L4.83 12l-1.42 1.41L9 19 21 7l-1.41-1.41L9 16.17z\\"></path></svg></span></span></span></div></div><div class=\\"row justify-content-between\\"><div class=\\"col-7\\" style=\\"display:flex\\"><p style=\\"margin:auto 0\\">Tingkat kesusahan Kelas</p></div><div class=\\"col-5\\" style=\\"display:flex\\"><p>2.0</p><span class=\\"MuiRating-root MuiRating-sizeSmall MuiRating-readOnly\\" role=\\"img\\" aria-label=\\"2 Stars\\" id=\\"difficultyRating\\"><span class=\\"MuiRating-decimal\\"><span style=\\"width:0%;overflow:hidden;z-index:1;position:absolute\\" class=\\"MuiRating-icon MuiRating-iconFilled WithStyles(ForwardRef(Rating))-iconFilled-1\\"><svg class=\\"MuiSvgIcon-root\\" focusable=\\"false\\" viewBox=\\"0 0 24 24\\" aria-hidden=\\"true\\" role=\\"presentation\\"><path d=\\"M20 3H4v10c0 2.21 1.79 4 4 4h6c2.21 0 4-1.79 4-4v-3h2c1.11 0 2-.9 2-2V5c0-1.11-.89-2-2-2zm0 5h-2V5h2v3zM4 19h16v2H4z\\"></path></svg></span><span class=\\"MuiRating-icon MuiRating-iconFilled WithStyles(ForwardRef(Rating))-iconFilled-1\\"><svg class=\\"MuiSvgIcon-root\\" focusable=\\"false\\" viewBox=\\"0 0 24 24\\" aria-hidden=\\"true\\" role=\\"presentation\\"><path d=\\"M20 3H4v10c0 2.21 1.79 4 4 4h6c2.21 0 4-1.79 4-4v-3h2c1.11 0 2-.9 2-2V5c0-1.11-.89-2-2-2zm0 5h-2V5h2v3zM4 19h16v2H4z\\"></path></svg></span></span><span class=\\"MuiRating-decimal\\"><span style=\\"width:0%;overflow:hidden;z-index:1;position:absolute\\" class=\\"MuiRating-icon MuiRating-iconFilled WithStyles(ForwardRef(Rating))-iconFilled-1\\"><svg class=\\"MuiSvgIcon-root\\" focusable=\\"false\\" viewBox=\\"0 0 24 24\\" aria-hidden=\\"true\\" role=\\"presentation\\"><path d=\\"M20 3H4v10c0 2.21 1.79 4 4 4h6c2.21 0 4-1.79 4-4v-3h2c1.11 0 2-.9 2-2V5c0-1.11-.89-2-2-2zm0 5h-2V5h2v3zM4 19h16v2H4z\\"></path></svg></span><span class=\\"MuiRating-icon MuiRating-iconFilled WithStyles(ForwardRef(Rating))-iconFilled-1\\"><svg class=\\"MuiSvgIcon-root\\" focusable=\\"false\\" viewBox=\\"0 0 24 24\\" aria-hidden=\\"true\\" role=\\"presentation\\"><path d=\\"M20 3H4v10c0 2.21 1.79 4 4 4h6c2.21 0 4-1.79 4-4v-3h2c1.11 0 2-.9 2-2V5c0-1.11-.89-2-2-2zm0 5h-2V5h2v3zM4 19h16v2H4z\\"></path></svg></span></span><span class=\\"MuiRating-decimal\\"><span style=\\"width:0%;overflow:hidden;z-index:1;position:absolute\\" class=\\"MuiRating-icon MuiRating-iconEmpty\\"><svg class=\\"MuiSvgIcon-root\\" focusable=\\"false\\" viewBox=\\"0 0 24 24\\" aria-hidden=\\"true\\" role=\\"presentation\\"><path d=\\"M16 5v8c0 1.1-.9 2-2 2H8c-1.1 0-2-.9-2-2V5h10m4-2H4v10c0 2.21 1.79 4 4 4h6c2.21 0 4-1.79 4-4v-3h2c1.11 0 2-.89 2-2V5c0-1.11-.89-2-2-2zm-2 5V5h2v3h-2zm2 11H2v2h18v-2z\\"></path></svg></span><span class=\\"MuiRating-icon MuiRating-iconEmpty\\"><svg class=\\"MuiSvgIcon-root\\" focusable=\\"false\\" viewBox=\\"0 0 24 24\\" aria-hidden=\\"true\\" role=\\"presentation\\"><path d=\\"M16 5v8c0 1.1-.9 2-2 2H8c-1.1 0-2-.9-2-2V5h10m4-2H4v10c0 2.21 1.79 4 4 4h6c2.21 0 4-1.79 4-4v-3h2c1.11 0 2-.89 2-2V5c0-1.11-.89-2-2-2zm-2 5V5h2v3h-2zm2 11H2v2h18v-2z\\"></path></svg></span></span><span class=\\"MuiRating-decimal\\"><span style=\\"width:0%;overflow:hidden;z-index:1;position:absolute\\" class=\\"MuiRating-icon MuiRating-iconEmpty\\"><svg class=\\"MuiSvgIcon-root\\" focusable=\\"false\\" viewBox=\\"0 0 24 24\\" aria-hidden=\\"true\\" role=\\"presentation\\"><path d=\\"M16 5v8c0 1.1-.9 2-2 2H8c-1.1 0-2-.9-2-2V5h10m4-2H4v10c0 2.21 1.79 4 4 4h6c2.21 0 4-1.79 4-4v-3h2c1.11 0 2-.89 2-2V5c0-1.11-.89-2-2-2zm-2 5V5h2v3h-2zm2 11H2v2h18v-2z\\"></path></svg></span><span class=\\"MuiRating-icon MuiRating-iconEmpty\\"><svg class=\\"MuiSvgIcon-root\\" focusable=\\"false\\" viewBox=\\"0 0 24 24\\" aria-hidden=\\"true\\" role=\\"presentation\\"><path d=\\"M16 5v8c0 1.1-.9 2-2 2H8c-1.1 0-2-.9-2-2V5h10m4-2H4v10c0 2.21 1.79 4 4 4h6c2.21 0 4-1.79 4-4v-3h2c1.11 0 2-.89 2-2V5c0-1.11-.89-2-2-2zm-2 5V5h2v3h-2zm2 11H2v2h18v-2z\\"></path></svg></span></span><span class=\\"MuiRating-decimal\\"><span style=\\"width:0%;overflow:hidden;z-index:1;position:absolute\\" class=\\"MuiRating-icon MuiRating-iconEmpty\\"><svg class=\\"MuiSvgIcon-root\\" focusable=\\"false\\" viewBox=\\"0 0 24 24\\" aria-hidden=\\"true\\" role=\\"presentation\\"><path d=\\"M16 5v8c0 1.1-.9 2-2 2H8c-1.1 0-2-.9-2-2V5h10m4-2H4v10c0 2.21 1.79 4 4 4h6c2.21 0 4-1.79 4-4v-3h2c1.11 0 2-.89 2-2V5c0-1.11-.89-2-2-2zm-2 5V5h2v3h-2zm2 11H2v2h18v-2z\\"></path></svg></span><span class=\\"MuiRating-icon MuiRating-iconEmpty\\"><svg class=\\"MuiSvgIcon-root\\" focusable=\\"false\\" viewBox=\\"0 0 24 24\\" aria-hidden=\\"true\\" role=\\"presentation\\"><path d=\\"M16 5v8c0 1.1-.9 2-2 2H8c-1.1 0-2-.9-2-2V5h10m4-2H4v10c0 2.21 1.79 4 4 4h6c2.21 0 4-1.79 4-4v-3h2c1.11 0 2-.89 2-2V5c0-1.11-.89-2-2-2zm-2 5V5h2v3h-2zm2 11H2v2h18v-2z\\"></path></svg></span></span></span></div></div><div class=\\"row justify-content-between\\"><div class=\\"col-7\\"><p>Kelas:</p></div><div class=\\"col-5\\" style=\\"text-align:right\\"><p>UX 101</p></div></div><button class=\\"MuiButtonBase-root MuiButton-root MuiButton-text show-button\\" tabindex=\\"0\\" type=\\"button\\"><span class=\\"MuiButton-label\\">Show more <svg class=\\"MuiSvgIcon-root\\" focusable=\\"false\\" viewBox=\\"0 0 24 24\\" aria-hidden=\\"true\\" role=\\"presentation\\"><path d=\\"M7.41 8.59L12 13.17l4.59-4.58L18 10l-6 6-6-6 1.41-1.41z\\"></path></svg></span></button><div id=\\"tags\\" class=\\"row\\"></div></div><div class=\\"review-footer\\"><div class=\\"row justify-content-between\\"><div class=\\"col-6\\" style=\\"display:flex;flex-direction:row\\"><p>Membantu?</p><div><button class=\\"MuiButtonBase-root MuiButton-root MuiButton-text vote-button\\" tabindex=\\"0\\" type=\\"button\\"><span class=\\"MuiButton-label\\">0<svg class=\\"MuiSvgIcon-root icon\\" focusable=\\"false\\" viewBox=\\"0 0 24 24\\" aria-hidden=\\"true\\" role=\\"presentation\\"><path d=\\"M4 12l1.41 1.41L11 7.83V20h2V7.83l5.58 5.59L20 12l-8-8-8 8z\\"></path></svg></span></button></div><div><button class=\\"MuiButtonBase-root MuiButton-root MuiButton-text vote-button\\" tabindex=\\"0\\" type=\\"button\\"><span class=\\"MuiButton-label\\">0<svg class=\\"MuiSvgIcon-root icon\\" focusable=\\"false\\" viewBox=\\"0 0 24 24\\" aria-hidden=\\"true\\" role=\\"presentation\\"><path d=\\"M20 12l-1.41-1.41L13 16.17V4h-2v12.17l-5.58-5.59L4 12l8 8 8-8z\\"></path></svg></span></button></div></div><div class=\\"col-6\\" style=\\"display:flex;justify-content:flex-end\\"><a href=\\"/\\" style=\\"color:black\\">Laporkan</a><svg class=\\"MuiSvgIcon-root icon\\" focusable=\\"false\\" viewBox=\\"0 0 24 24\\" aria-hidden=\\"true\\" role=\\"presentation\\"><path d=\\"M14 9l-1-2H7V5.72c.6-.34 1-.98 1-1.72 0-1.1-.9-2-2-2s-2 .9-2 2c0 .74.4 1.38 1 1.72V21h2v-4h5l1 2h7V9h-6zm4 8h-4l-1-2H7V9h5l1 2h5v6z\\"></path></svg></div></div></div></div></div><div class=\\"col-12\\" style=\\"padding-top:15px;padding-bottom:15px\\"><div class=\\"review-card\\" style=\\"filter:blur(4px)\\"><div class=\\"review-details\\"><p id=\\"review\\">Attendance is required! Tips: give him starbucks.</p></div><div class=\\"review-details\\"><div class=\\"row justify-content-between\\"><div class=\\"col-7\\" style=\\"display:flex\\"><p style=\\"margin:auto 0\\">Penilaian Keseluruhan</p></div><div class=\\"col-5\\" style=\\"display:flex\\"><p>4.0</p><span class=\\"MuiRating-root MuiRating-sizeSmall MuiRating-readOnly\\" role=\\"img\\" aria-label=\\"4 Stars\\" id=\\"overallRating\\"><span class=\\"MuiRating-decimal\\"><span style=\\"width:0%;overflow:hidden;z-index:1;position:absolute\\" class=\\"MuiRating-icon MuiRating-iconFilled WithStyles(ForwardRef(Rating))-iconFilled-1\\"><svg class=\\"MuiSvgIcon-root\\" focusable=\\"false\\" viewBox=\\"0 0 24 24\\" aria-hidden=\\"true\\" role=\\"presentation\\"><path d=\\"M1 21h4V9H1v12zm22-11c0-1.1-.9-2-2-2h-6.31l.95-4.57.03-.32c0-.41-.17-.79-.44-1.06L14.17 1 7.59 7.59C7.22 7.95 7 8.45 7 9v10c0 1.1.9 2 2 2h9c.83 0 1.54-.5 1.84-1.22l3.02-7.05c.09-.23.14-.47.14-.73v-2z\\"></path></svg></span><span class=\\"MuiRating-icon MuiRating-iconFilled WithStyles(ForwardRef(Rating))-iconFilled-1\\"><svg class=\\"MuiSvgIcon-root\\" focusable=\\"false\\" viewBox=\\"0 0 24 24\\" aria-hidden=\\"true\\" role=\\"presentation\\"><path d=\\"M1 21h4V9H1v12zm22-11c0-1.1-.9-2-2-2h-6.31l.95-4.57.03-.32c0-.41-.17-.79-.44-1.06L14.17 1 7.59 7.59C7.22 7.95 7 8.45 7 9v10c0 1.1.9 2 2 2h9c.83 0 1.54-.5 1.84-1.22l3.02-7.05c.09-.23.14-.47.14-.73v-2z\\"></path></svg></span></span><span class=\\"MuiRating-decimal\\"><span style=\\"width:0%;overflow:hidden;z-index:1;position:absolute\\" class=\\"MuiRating-icon MuiRating-iconFilled WithStyles(ForwardRef(Rating))-iconFilled-1\\"><svg class=\\"MuiSvgIcon-root\\" focusable=\\"false\\" viewBox=\\"0 0 24 24\\" aria-hidden=\\"true\\" role=\\"presentation\\"><path d=\\"M1 21h4V9H1v12zm22-11c0-1.1-.9-2-2-2h-6.31l.95-4.57.03-.32c0-.41-.17-.79-.44-1.06L14.17 1 7.59 7.59C7.22 7.95 7 8.45 7 9v10c0 1.1.9 2 2 2h9c.83 0 1.54-.5 1.84-1.22l3.02-7.05c.09-.23.14-.47.14-.73v-2z\\"></path></svg></span><span class=\\"MuiRating-icon MuiRating-iconFilled WithStyles(ForwardRef(Rating))-iconFilled-1\\"><svg class=\\"MuiSvgIcon-root\\" focusable=\\"false\\" viewBox=\\"0 0 24 24\\" aria-hidden=\\"true\\" role=\\"presentation\\"><path d=\\"M1 21h4V9H1v12zm22-11c0-1.1-.9-2-2-2h-6.31l.95-4.57.03-.32c0-.41-.17-.79-.44-1.06L14.17 1 7.59 7.59C7.22 7.95 7 8.45 7 9v10c0 1.1.9 2 2 2h9c.83 0 1.54-.5 1.84-1.22l3.02-7.05c.09-.23.14-.47.14-.73v-2z\\"></path></svg></span></span><span class=\\"MuiRating-decimal\\"><span style=\\"width:0%;overflow:hidden;z-index:1;position:absolute\\" class=\\"MuiRating-icon MuiRating-iconFilled WithStyles(ForwardRef(Rating))-iconFilled-1\\"><svg class=\\"MuiSvgIcon-root\\" focusable=\\"false\\" viewBox=\\"0 0 24 24\\" aria-hidden=\\"true\\" role=\\"presentation\\"><path d=\\"M1 21h4V9H1v12zm22-11c0-1.1-.9-2-2-2h-6.31l.95-4.57.03-.32c0-.41-.17-.79-.44-1.06L14.17 1 7.59 7.59C7.22 7.95 7 8.45 7 9v10c0 1.1.9 2 2 2h9c.83 0 1.54-.5 1.84-1.22l3.02-7.05c.09-.23.14-.47.14-.73v-2z\\"></path></svg></span><span class=\\"MuiRating-icon MuiRating-iconFilled WithStyles(ForwardRef(Rating))-iconFilled-1\\"><svg class=\\"MuiSvgIcon-root\\" focusable=\\"false\\" viewBox=\\"0 0 24 24\\" aria-hidden=\\"true\\" role=\\"presentation\\"><path d=\\"M1 21h4V9H1v12zm22-11c0-1.1-.9-2-2-2h-6.31l.95-4.57.03-.32c0-.41-.17-.79-.44-1.06L14.17 1 7.59 7.59C7.22 7.95 7 8.45 7 9v10c0 1.1.9 2 2 2h9c.83 0 1.54-.5 1.84-1.22l3.02-7.05c.09-.23.14-.47.14-.73v-2z\\"></path></svg></span></span><span class=\\"MuiRating-decimal\\"><span style=\\"width:0%;overflow:hidden;z-index:1;position:absolute\\" class=\\"MuiRating-icon MuiRating-iconFilled WithStyles(ForwardRef(Rating))-iconFilled-1\\"><svg class=\\"MuiSvgIcon-root\\" focusable=\\"false\\" viewBox=\\"0 0 24 24\\" aria-hidden=\\"true\\" role=\\"presentation\\"><path d=\\"M1 21h4V9H1v12zm22-11c0-1.1-.9-2-2-2h-6.31l.95-4.57.03-.32c0-.41-.17-.79-.44-1.06L14.17 1 7.59 7.59C7.22 7.95 7 8.45 7 9v10c0 1.1.9 2 2 2h9c.83 0 1.54-.5 1.84-1.22l3.02-7.05c.09-.23.14-.47.14-.73v-2z\\"></path></svg></span><span class=\\"MuiRating-icon MuiRating-iconFilled WithStyles(ForwardRef(Rating))-iconFilled-1\\"><svg class=\\"MuiSvgIcon-root\\" focusable=\\"false\\" viewBox=\\"0 0 24 24\\" aria-hidden=\\"true\\" role=\\"presentation\\"><path d=\\"M1 21h4V9H1v12zm22-11c0-1.1-.9-2-2-2h-6.31l.95-4.57.03-.32c0-.41-.17-.79-.44-1.06L14.17 1 7.59 7.59C7.22 7.95 7 8.45 7 9v10c0 1.1.9 2 2 2h9c.83 0 1.54-.5 1.84-1.22l3.02-7.05c.09-.23.14-.47.14-.73v-2z\\"></path></svg></span></span><span class=\\"MuiRating-decimal\\"><span style=\\"width:0%;overflow:hidden;z-index:1;position:absolute\\" class=\\"MuiRating-icon MuiRating-iconEmpty\\"><svg class=\\"MuiSvgIcon-root\\" focusable=\\"false\\" viewBox=\\"0 0 24 24\\" aria-hidden=\\"true\\" role=\\"presentation\\"><path d=\\"M9 21h9c.83 0 1.54-.5 1.84-1.22l3.02-7.05c.09-.23.14-.47.14-.73v-2c0-1.1-.9-2-2-2h-6.31l.95-4.57.03-.32c0-.41-.17-.79-.44-1.06L14.17 1 7.58 7.59C7.22 7.95 7 8.45 7 9v10c0 1.1.9 2 2 2zM9 9l4.34-4.34L12 10h9v2l-3 7H9V9zM1 9h4v12H1z\\"></path></svg></span><span class=\\"MuiRating-icon MuiRating-iconEmpty\\"><svg class=\\"MuiSvgIcon-root\\" focusable=\\"false\\" viewBox=\\"0 0 24 24\\" aria-hidden=\\"true\\" role=\\"presentation\\"><path d=\\"M9 21h9c.83 0 1.54-.5 1.84-1.22l3.02-7.05c.09-.23.14-.47.14-.73v-2c0-1.1-.9-2-2-2h-6.31l.95-4.57.03-.32c0-.41-.17-.79-.44-1.06L14.17 1 7.58 7.59C7.22 7.95 7 8.45 7 9v10c0 1.1.9 2 2 2zM9 9l4.34-4.34L12 10h9v2l-3 7H9V9zM1 9h4v12H1z\\"></path></svg></span></span></span></div></div><div class=\\"row justify-content-between\\"><div class=\\"col-7\\" style=\\"display:flex\\"><p style=\\"margin:auto 0\\">Likelihood to recommend teman</p></div><div class=\\"col-5\\" style=\\"display:flex\\"><p>5.0</p><span class=\\"MuiRating-root MuiRating-sizeSmall MuiRating-readOnly\\" role=\\"img\\" aria-label=\\"5 Stars\\" id=\\"recommendationRating\\"><span class=\\"MuiRating-decimal\\"><span style=\\"width:0%;overflow:hidden;z-index:1;position:absolute\\" class=\\"MuiRating-icon MuiRating-iconFilled WithStyles(ForwardRef(Rating))-iconFilled-1\\"><svg class=\\"MuiSvgIcon-root\\" focusable=\\"false\\" viewBox=\\"0 0 24 24\\" aria-hidden=\\"true\\" role=\\"presentation\\"><path d=\\"M9 16.17L4.83 12l-1.42 1.41L9 19 21 7l-1.41-1.41z\\"></path></svg></span><span class=\\"MuiRating-icon MuiRating-iconFilled WithStyles(ForwardRef(Rating))-iconFilled-1\\"><svg class=\\"MuiSvgIcon-root\\" focusable=\\"false\\" viewBox=\\"0 0 24 24\\" aria-hidden=\\"true\\" role=\\"presentation\\"><path d=\\"M9 16.17L4.83 12l-1.42 1.41L9 19 21 7l-1.41-1.41z\\"></path></svg></span></span><span class=\\"MuiRating-decimal\\"><span style=\\"width:0%;overflow:hidden;z-index:1;position:absolute\\" class=\\"MuiRating-icon MuiRating-iconFilled WithStyles(ForwardRef(Rating))-iconFilled-1\\"><svg class=\\"MuiSvgIcon-root\\" focusable=\\"false\\" viewBox=\\"0 0 24 24\\" aria-hidden=\\"true\\" role=\\"presentation\\"><path d=\\"M9 16.17L4.83 12l-1.42 1.41L9 19 21 7l-1.41-1.41z\\"></path></svg></span><span class=\\"MuiRating-icon MuiRating-iconFilled WithStyles(ForwardRef(Rating))-iconFilled-1\\"><svg class=\\"MuiSvgIcon-root\\" focusable=\\"false\\" viewBox=\\"0 0 24 24\\" aria-hidden=\\"true\\" role=\\"presentation\\"><path d=\\"M9 16.17L4.83 12l-1.42 1.41L9 19 21 7l-1.41-1.41z\\"></path></svg></span></span><span class=\\"MuiRating-decimal\\"><span style=\\"width:0%;overflow:hidden;z-index:1;position:absolute\\" class=\\"MuiRating-icon MuiRating-iconFilled WithStyles(ForwardRef(Rating))-iconFilled-1\\"><svg class=\\"MuiSvgIcon-root\\" focusable=\\"false\\" viewBox=\\"0 0 24 24\\" aria-hidden=\\"true\\" role=\\"presentation\\"><path d=\\"M9 16.17L4.83 12l-1.42 1.41L9 19 21 7l-1.41-1.41z\\"></path></svg></span><span class=\\"MuiRating-icon MuiRating-iconFilled WithStyles(ForwardRef(Rating))-iconFilled-1\\"><svg class=\\"MuiSvgIcon-root\\" focusable=\\"false\\" viewBox=\\"0 0 24 24\\" aria-hidden=\\"true\\" role=\\"presentation\\"><path d=\\"M9 16.17L4.83 12l-1.42 1.41L9 19 21 7l-1.41-1.41z\\"></path></svg></span></span><span class=\\"MuiRating-decimal\\"><span style=\\"width:0%;overflow:hidden;z-index:1;position:absolute\\" class=\\"MuiRating-icon MuiRating-iconFilled WithStyles(ForwardRef(Rating))-iconFilled-1\\"><svg class=\\"MuiSvgIcon-root\\" focusable=\\"false\\" viewBox=\\"0 0 24 24\\" aria-hidden=\\"true\\" role=\\"presentation\\"><path d=\\"M9 16.17L4.83 12l-1.42 1.41L9 19 21 7l-1.41-1.41z\\"></path></svg></span><span class=\\"MuiRating-icon MuiRating-iconFilled WithStyles(ForwardRef(Rating))-iconFilled-1\\"><svg class=\\"MuiSvgIcon-root\\" focusable=\\"false\\" viewBox=\\"0 0 24 24\\" aria-hidden=\\"true\\" role=\\"presentation\\"><path d=\\"M9 16.17L4.83 12l-1.42 1.41L9 19 21 7l-1.41-1.41z\\"></path></svg></span></span><span class=\\"MuiRating-decimal\\"><span style=\\"width:0%;overflow:hidden;z-index:1;position:absolute\\" class=\\"MuiRating-icon MuiRating-iconFilled WithStyles(ForwardRef(Rating))-iconFilled-1\\"><svg class=\\"MuiSvgIcon-root\\" focusable=\\"false\\" viewBox=\\"0 0 24 24\\" aria-hidden=\\"true\\" role=\\"presentation\\"><path d=\\"M9 16.17L4.83 12l-1.42 1.41L9 19 21 7l-1.41-1.41z\\"></path></svg></span><span class=\\"MuiRating-icon MuiRating-iconFilled WithStyles(ForwardRef(Rating))-iconFilled-1\\"><svg class=\\"MuiSvgIcon-root\\" focusable=\\"false\\" viewBox=\\"0 0 24 24\\" aria-hidden=\\"true\\" role=\\"presentation\\"><path d=\\"M9 16.17L4.83 12l-1.42 1.41L9 19 21 7l-1.41-1.41z\\"></path></svg></span></span></span></div></div><div class=\\"row justify-content-between\\"><div class=\\"col-7\\" style=\\"display:flex\\"><p style=\\"margin:auto 0\\">Tingkat kesusahan Kelas</p></div><div class=\\"col-5\\" style=\\"display:flex\\"><p>2.5</p><span class=\\"MuiRating-root MuiRating-sizeSmall MuiRating-readOnly\\" role=\\"img\\" aria-label=\\"2.5 Stars\\" id=\\"difficultyRating\\"><span class=\\"MuiRating-decimal\\"><span style=\\"width:0%;overflow:hidden;z-index:1;position:absolute\\" class=\\"MuiRating-icon MuiRating-iconFilled WithStyles(ForwardRef(Rating))-iconFilled-1\\"><svg class=\\"MuiSvgIcon-root\\" focusable=\\"false\\" viewBox=\\"0 0 24 24\\" aria-hidden=\\"true\\" role=\\"presentation\\"><path d=\\"M20 3H4v10c0 2.21 1.79 4 4 4h6c2.21 0 4-1.79 4-4v-3h2c1.11 0 2-.9 2-2V5c0-1.11-.89-2-2-2zm0 5h-2V5h2v3zM4 19h16v2H4z\\"></path></svg></span><span class=\\"MuiRating-icon MuiRating-iconFilled WithStyles(ForwardRef(Rating))-iconFilled-1\\"><svg class=\\"MuiSvgIcon-root\\" focusable=\\"false\\" viewBox=\\"0 0 24 24\\" aria-hidden=\\"true\\" role=\\"presentation\\"><path d=\\"M20 3H4v10c0 2.21 1.79 4 4 4h6c2.21 0 4-1.79 4-4v-3h2c1.11 0 2-.9 2-2V5c0-1.11-.89-2-2-2zm0 5h-2V5h2v3zM4 19h16v2H4z\\"></path></svg></span></span><span class=\\"MuiRating-decimal\\"><span style=\\"width:0%;overflow:hidden;z-index:1;position:absolute\\" class=\\"MuiRating-icon MuiRating-iconFilled WithStyles(ForwardRef(Rating))-iconFilled-1\\"><svg class=\\"MuiSvgIcon-root\\" focusable=\\"false\\" viewBox=\\"0 0 24 24\\" aria-hidden=\\"true\\" role=\\"presentation\\"><path d=\\"M20 3H4v10c0 2.21 1.79 4 4 4h6c2.21 0 4-1.79 4-4v-3h2c1.11 0 2-.9 2-2V5c0-1.11-.89-2-2-2zm0 5h-2V5h2v3zM4 19h16v2H4z\\"></path></svg></span><span class=\\"MuiRating-icon MuiRating-iconFilled WithStyles(ForwardRef(Rating))-iconFilled-1\\"><svg class=\\"MuiSvgIcon-root\\" focusable=\\"false\\" viewBox=\\"0 0 24 24\\" aria-hidden=\\"true\\" role=\\"presentation\\"><path d=\\"M20 3H4v10c0 2.21 1.79 4 4 4h6c2.21 0 4-1.79 4-4v-3h2c1.11 0 2-.9 2-2V5c0-1.11-.89-2-2-2zm0 5h-2V5h2v3zM4 19h16v2H4z\\"></path></svg></span></span><span class=\\"MuiRating-decimal\\"><span style=\\"width:50%;overflow:hidden;z-index:1;position:absolute\\" class=\\"MuiRating-icon MuiRating-iconFilled WithStyles(ForwardRef(Rating))-iconFilled-1\\"><svg class=\\"MuiSvgIcon-root\\" focusable=\\"false\\" viewBox=\\"0 0 24 24\\" aria-hidden=\\"true\\" role=\\"presentation\\"><path d=\\"M20 3H4v10c0 2.21 1.79 4 4 4h6c2.21 0 4-1.79 4-4v-3h2c1.11 0 2-.9 2-2V5c0-1.11-.89-2-2-2zm0 5h-2V5h2v3zM4 19h16v2H4z\\"></path></svg></span><span class=\\"MuiRating-icon MuiRating-iconEmpty\\"><svg class=\\"MuiSvgIcon-root\\" focusable=\\"false\\" viewBox=\\"0 0 24 24\\" aria-hidden=\\"true\\" role=\\"presentation\\"><path d=\\"M16 5v8c0 1.1-.9 2-2 2H8c-1.1 0-2-.9-2-2V5h10m4-2H4v10c0 2.21 1.79 4 4 4h6c2.21 0 4-1.79 4-4v-3h2c1.11 0 2-.89 2-2V5c0-1.11-.89-2-2-2zm-2 5V5h2v3h-2zm2 11H2v2h18v-2z\\"></path></svg></span></span><span class=\\"MuiRating-decimal\\"><span style=\\"width:0%;overflow:hidden;z-index:1;position:absolute\\" class=\\"MuiRating-icon MuiRating-iconEmpty\\"><svg class=\\"MuiSvgIcon-root\\" focusable=\\"false\\" viewBox=\\"0 0 24 24\\" aria-hidden=\\"true\\" role=\\"presentation\\"><path d=\\"M16 5v8c0 1.1-.9 2-2 2H8c-1.1 0-2-.9-2-2V5h10m4-2H4v10c0 2.21 1.79 4 4 4h6c2.21 0 4-1.79 4-4v-3h2c1.11 0 2-.89 2-2V5c0-1.11-.89-2-2-2zm-2 5V5h2v3h-2zm2 11H2v2h18v-2z\\"></path></svg></span><span class=\\"MuiRating-icon MuiRating-iconEmpty\\"><svg class=\\"MuiSvgIcon-root\\" focusable=\\"false\\" viewBox=\\"0 0 24 24\\" aria-hidden=\\"true\\" role=\\"presentation\\"><path d=\\"M16 5v8c0 1.1-.9 2-2 2H8c-1.1 0-2-.9-2-2V5h10m4-2H4v10c0 2.21 1.79 4 4 4h6c2.21 0 4-1.79 4-4v-3h2c1.11 0 2-.89 2-2V5c0-1.11-.89-2-2-2zm-2 5V5h2v3h-2zm2 11H2v2h18v-2z\\"></path></svg></span></span><span class=\\"MuiRating-decimal\\"><span style=\\"width:0%;overflow:hidden;z-index:1;position:absolute\\" class=\\"MuiRating-icon MuiRating-iconEmpty\\"><svg class=\\"MuiSvgIcon-root\\" focusable=\\"false\\" viewBox=\\"0 0 24 24\\" aria-hidden=\\"true\\" role=\\"presentation\\"><path d=\\"M16 5v8c0 1.1-.9 2-2 2H8c-1.1 0-2-.9-2-2V5h10m4-2H4v10c0 2.21 1.79 4 4 4h6c2.21 0 4-1.79 4-4v-3h2c1.11 0 2-.89 2-2V5c0-1.11-.89-2-2-2zm-2 5V5h2v3h-2zm2 11H2v2h18v-2z\\"></path></svg></span><span class=\\"MuiRating-icon MuiRating-iconEmpty\\"><svg class=\\"MuiSvgIcon-root\\" focusable=\\"false\\" viewBox=\\"0 0 24 24\\" aria-hidden=\\"true\\" role=\\"presentation\\"><path d=\\"M16 5v8c0 1.1-.9 2-2 2H8c-1.1 0-2-.9-2-2V5h10m4-2H4v10c0 2.21 1.79 4 4 4h6c2.21 0 4-1.79 4-4v-3h2c1.11 0 2-.89 2-2V5c0-1.11-.89-2-2-2zm-2 5V5h2v3h-2zm2 11H2v2h18v-2z\\"></path></svg></span></span></span></div></div><div class=\\"row justify-content-between\\"><div class=\\"col-7\\"><p>Kelas:</p></div><div class=\\"col-5\\" style=\\"text-align:right\\"><p>Design 101</p></div></div><button class=\\"MuiButtonBase-root MuiButton-root MuiButton-text show-button\\" tabindex=\\"0\\" type=\\"button\\"><span class=\\"MuiButton-label\\">Show more <svg class=\\"MuiSvgIcon-root\\" focusable=\\"false\\" viewBox=\\"0 0 24 24\\" aria-hidden=\\"true\\" role=\\"presentation\\"><path d=\\"M7.41 8.59L12 13.17l4.59-4.58L18 10l-6 6-6-6 1.41-1.41z\\"></path></svg></span></button><div id=\\"tags\\" class=\\"row\\"></div></div><div class=\\"review-footer\\"><div class=\\"row justify-content-between\\"><div class=\\"col-6\\" style=\\"display:flex;flex-direction:row\\"><p>Membantu?</p><div><button class=\\"MuiButtonBase-root MuiButton-root MuiButton-text vote-button\\" tabindex=\\"0\\" type=\\"button\\"><span class=\\"MuiButton-label\\">0<svg class=\\"MuiSvgIcon-root icon\\" focusable=\\"false\\" viewBox=\\"0 0 24 24\\" aria-hidden=\\"true\\" role=\\"presentation\\"><path d=\\"M4 12l1.41 1.41L11 7.83V20h2V7.83l5.58 5.59L20 12l-8-8-8 8z\\"></path></svg></span></button></div><div><button class=\\"MuiButtonBase-root MuiButton-root MuiButton-text vote-button\\" tabindex=\\"0\\" type=\\"button\\"><span class=\\"MuiButton-label\\">0<svg class=\\"MuiSvgIcon-root icon\\" focusable=\\"false\\" viewBox=\\"0 0 24 24\\" aria-hidden=\\"true\\" role=\\"presentation\\"><path d=\\"M20 12l-1.41-1.41L13 16.17V4h-2v12.17l-5.58-5.59L4 12l8 8 8-8z\\"></path></svg></span></button></div></div><div class=\\"col-6\\" style=\\"display:flex;justify-content:flex-end\\"><a href=\\"/\\" style=\\"color:black\\">Laporkan</a><svg class=\\"MuiSvgIcon-root icon\\" focusable=\\"false\\" viewBox=\\"0 0 24 24\\" aria-hidden=\\"true\\" role=\\"presentation\\"><path d=\\"M14 9l-1-2H7V5.72c.6-.34 1-.98 1-1.72 0-1.1-.9-2-2-2s-2 .9-2 2c0 .74.4 1.38 1 1.72V21h2v-4h5l1 2h7V9h-6zm4 8h-4l-1-2H7V9h5l1 2h5v6z\\"></path></svg></div></div></div></div></div><div class=\\"blue-box\\" style=\\"padding:2rem;position:relative;margin:auto;top:-250px\\"><div style=\\"margin-bottom:1.5rem\\"><h3>Sign up dan lihat semua reviewnya. Gratis!</h3></div><div><button class=\\"MuiButtonBase-root MuiButton-root MuiButton-text button red-button\\" tabindex=\\"0\\" type=\\"button\\" id=\\"signup\\"><span class=\\"MuiButton-label\\">Buat akun sekarang</span></button></div><div><button class=\\"MuiButtonBase-root MuiButton-root MuiButton-text button\\" tabindex=\\"0\\" type=\\"button\\" id=\\"login\\"><span class=\\"MuiButton-label\\">Login</span></button></div></div></div></div>"`;
